------------------------------------------------------------
TimeQuest Timing Analyzer Summary
------------------------------------------------------------

Type  : Slow 1200mV 85C Model Setup 'PLL1|altpll_component|auto_generated|pll1|clk[0]'
Slack : 23.341
TNS   : 0.000

Type  : Slow 1200mV 85C Model Setup 'PLL1|altpll_component|auto_generated|pll1|clk[1]'
Slack : 8676.954
TNS   : 0.000

Type  : Slow 1200mV 85C Model Hold 'PLL1|altpll_component|auto_generated|pll1|clk[0]'
Slack : 0.360
TNS   : 0.000

Type  : Slow 1200mV 85C Model Hold 'PLL1|altpll_component|auto_generated|pll1|clk[1]'
Slack : 0.404
TNS   : 0.000

Type  : Slow 1200mV 85C Model Recovery 'PLL1|altpll_component|auto_generated|pll1|clk[0]'
Slack : 34.142
TNS   : 0.000

Type  : Slow 1200mV 85C Model Removal 'PLL1|altpll_component|auto_generated|pll1|clk[0]'
Slack : 1.051
TNS   : 0.000

Type  : Slow 1200mV 85C Model Minimum Pulse Width 'CLK'
Slack : 9.891
TNS   : 0.000

Type  : Slow 1200mV 85C Model Minimum Pulse Width 'PLL1|altpll_component|auto_generated|pll1|clk[0]'
Slack : 19.618
TNS   : 0.000

Type  : Slow 1200mV 85C Model Minimum Pulse Width 'PLL1|altpll_component|auto_generated|pll1|clk[1]'
Slack : 4339.708
TNS   : 0.000

Type  : Slow 1200mV 0C Model Setup 'PLL1|altpll_component|auto_generated|pll1|clk[0]'
Slack : 24.618
TNS   : 0.000

Type  : Slow 1200mV 0C Model Setup 'PLL1|altpll_component|auto_generated|pll1|clk[1]'
Slack : 8677.173
TNS   : 0.000

Type  : Slow 1200mV 0C Model Hold 'PLL1|altpll_component|auto_generated|pll1|clk[0]'
Slack : 0.354
TNS   : 0.000

Type  : Slow 1200mV 0C Model Hold 'PLL1|altpll_component|auto_generated|pll1|clk[1]'
Slack : 0.355
TNS   : 0.000

Type  : Slow 1200mV 0C Model Recovery 'PLL1|altpll_component|auto_generated|pll1|clk[0]'
Slack : 34.745
TNS   : 0.000

Type  : Slow 1200mV 0C Model Removal 'PLL1|altpll_component|auto_generated|pll1|clk[0]'
Slack : 0.959
TNS   : 0.000

Type  : Slow 1200mV 0C Model Minimum Pulse Width 'CLK'
Slack : 9.887
TNS   : 0.000

Type  : Slow 1200mV 0C Model Minimum Pulse Width 'PLL1|altpll_component|auto_generated|pll1|clk[0]'
Slack : 19.636
TNS   : 0.000

Type  : Slow 1200mV 0C Model Minimum Pulse Width 'PLL1|altpll_component|auto_generated|pll1|clk[1]'
Slack : 4339.710
TNS   : 0.000

Type  : Fast 1200mV 0C Model Setup 'PLL1|altpll_component|auto_generated|pll1|clk[0]'
Slack : 31.271
TNS   : 0.000

Type  : Fast 1200mV 0C Model Setup 'PLL1|altpll_component|auto_generated|pll1|clk[1]'
Slack : 8678.443
TNS   : 0.000

Type  : Fast 1200mV 0C Model Hold 'PLL1|altpll_component|auto_generated|pll1|clk[0]'
Slack : 0.148
TNS   : 0.000

Type  : Fast 1200mV 0C Model Hold 'PLL1|altpll_component|auto_generated|pll1|clk[1]'
Slack : 0.183
TNS   : 0.000

Type  : Fast 1200mV 0C Model Recovery 'PLL1|altpll_component|auto_generated|pll1|clk[0]'
Slack : 36.784
TNS   : 0.000

Type  : Fast 1200mV 0C Model Removal 'PLL1|altpll_component|auto_generated|pll1|clk[0]'
Slack : 0.499
TNS   : 0.000

Type  : Fast 1200mV 0C Model Minimum Pulse Width 'CLK'
Slack : 9.574
TNS   : 0.000

Type  : Fast 1200mV 0C Model Minimum Pulse Width 'PLL1|altpll_component|auto_generated|pll1|clk[0]'
Slack : 19.752
TNS   : 0.000

Type  : Fast 1200mV 0C Model Minimum Pulse Width 'PLL1|altpll_component|auto_generated|pll1|clk[1]'
Slack : 4339.781
TNS   : 0.000

------------------------------------------------------------
